{
  "name": "G",
  "directed": true,
  "strict": false,
  "_draw_": 
  [
    {
      "op": "c",
      "grad": "none",
      "color": "#fffffe00"
    },
    {
      "op": "C",
      "grad": "none",
      "color": "#ffffff"
    },
    {
      "op": "P",
      "points": [[0.000,0.000],[0.000,149.600],[100.990,149.600],[100.990,0.000]]
    }
  ],
  "_ldraw_": 
  [
    {
      "op": "F",
      "size": 14.000,
      "face": "Times-Roman"
    },
    {
      "op": "c",
      "grad": "none",
      "color": "#000000"
    },
    {
      "op": "T",
      "pt": [50.500,8.200],
      "align": "c",
      "width": 49.760,
      "text": "Example"
    }
  ],
  "bb": "0,0,100.99,149.6",
  "label": "Example",
  "lheight": "0.23",
  "lp": "50.497,12.4",
  "lwidth": "0.69",
  "xdotversion": "1.7",
  "_subgraph_cnt": 0,
  "objects": [
    {
      "_gvid": 0,
      "name": "Hello",
      "_draw_": 
      [
        {
          "op": "c",
          "grad": "none",
          "color": "#0000ff"
        },
        {
          "op": "p",
          "points": [[50.500,149.600],[4.600,131.600],[50.500,113.600],[96.400,131.600]]
        },
        {
          "op": "c",
          "grad": "none",
          "color": "#0000ff"
        },
        {
          "op": "L",
          "points": [[15.770,135.980],[15.770,127.220]]
        },
        {
          "op": "c",
          "grad": "none",
          "color": "#0000ff"
        },
        {
          "op": "L",
          "points": [[39.330,117.980],[61.670,117.980]]
        },
        {
          "op": "c",
          "grad": "none",
          "color": "#0000ff"
        },
        {
          "op": "L",
          "points": [[85.220,127.220],[85.220,135.980]]
        },
        {
          "op": "c",
          "grad": "none",
          "color": "#0000ff"
        },
        {
          "op": "L",
          "points": [[61.670,145.220],[39.330,145.220]]
        }
      ],
      "_ldraw_": 
      [
        {
          "op": "F",
          "size": 14.000,
          "face": "Times-Roman"
        },
        {
          "op": "c",
          "grad": "none",
          "color": "#000000"
        },
        {
          "op": "T",
          "pt": [50.500,127.400],
          "align": "c",
          "width": 31.100,
          "text": "Hello"
        }
      ],
      "color": "blue",
      "height": "0.5",
      "label": "\\N",
      "pos": "50.497,131.6",
      "shape": "Mdiamond",
      "width": "1.2764"
    },
    {
      "_gvid": 1,
      "name": "World",
      "_draw_": 
      [
        {
          "op": "c",
          "grad": "none",
          "color": "#0000ff"
        },
        {
          "op": "p",
          "points": [[50.500,60.800],[0.000,42.800],[50.500,24.800],[100.990,42.800]]
        },
        {
          "op": "c",
          "grad": "none",
          "color": "#0000ff"
        },
        {
          "op": "L",
          "points": [[11.310,46.830],[11.310,38.770]]
        },
        {
          "op": "c",
          "grad": "none",
          "color": "#0000ff"
        },
        {
          "op": "L",
          "points": [[39.190,28.830],[61.800,28.830]]
        },
        {
          "op": "c",
          "grad": "none",
          "color": "#0000ff"
        },
        {
          "op": "L",
          "points": [[89.690,38.770],[89.690,46.830]]
        },
        {
          "op": "c",
          "grad": "none",
          "color": "#0000ff"
        },
        {
          "op": "L",
          "points": [[61.800,56.770],[39.190,56.770]]
        }
      ],
      "_ldraw_": 
      [
        {
          "op": "F",
          "size": 14.000,
          "face": "Times-Roman"
        },
        {
          "op": "c",
          "grad": "none",
          "color": "#000000"
        },
        {
          "op": "T",
          "pt": [50.500,38.600],
          "align": "c",
          "width": 35.770,
          "text": "World"
        }
      ],
      "color": "blue",
      "height": "0.5",
      "label": "\\N",
      "pos": "50.497,42.8",
      "shape": "Mdiamond",
      "width": "1.4027"
    }
  ],
  "edges": [
    {
      "_gvid": 0,
      "tail": 0,
      "head": 1,
      "_draw_": 
      [
        {
          "op": "c",
          "grad": "none",
          "color": "#ff0000"
        },
        {
          "op": "b",
          "points": [[50.500,113.450],[50.500,101.320],[50.500,84.820],[50.500,70.920]]
        }
      ],
      "_hdraw_": 
      [
        {
          "op": "S",
          "style": "solid"
        },
        {
          "op": "c",
          "grad": "none",
          "color": "#ff0000"
        },
        {
          "op": "C",
          "grad": "none",
          "color": "#ff0000"
        },
        {
          "op": "P",
          "points": [[54.000,70.910],[50.500,60.910],[47.000,70.910]]
        }
      ],
      "_ldraw_": 
      [
        {
          "op": "F",
          "size": 14.000,
          "face": "Times-Roman"
        },
        {
          "op": "c",
          "grad": "none",
          "color": "#000000"
        },
        {
          "op": "T",
          "pt": [61.000,83.000],
          "align": "c",
          "width": 21.000,
          "text": "Say"
        }
      ],
      "color": "red",
      "label": "Say",
      "lp": "60.997,87.2",
      "pos": "e,50.497,60.913 50.497,113.45 50.497,101.32 50.497,84.819 50.497,70.919"
    }
  ]
}
